Hello, my name is John and I'm 12
My nickname is antikiller
Hello, my name is Josh and I'm 45
My nickname is 
Hello, my name is Jane and I'm 20
My nickname is 
