2 < 3
true
true
false
true
false
true
true
false
true
