Current i is: 	1
Current i is: 	4
Current i is: 	8
After break: 
Current i is: 	1
Current i is: 	4
Current i is: 	8
Current i is: 	16
Current i is: 	52
Current i is: 	34
Current i is: 	78
Current i is: 	342
Some strange sum is: 	548
