__init__ from Foo
__init__ from Bar
__init__ from Bar
