Name is: 	first
1	3	6	4	7
Name is: 	second
hello	python	world
